// Jest Snapshot v1, https://goo.gl/fbAQLP

exports[`Form.tsx Form renders without crashing 1`] = `
<div
  className="form-container"
  data-testid="form-id"
>
  <form
    className="input-form"
  >
    <div>
      <label
        className="input-line"
        htmlFor="username_field"
      >
        Username
      </label>
      <input
        className="input-line"
        id="username_field"
        name="username_field"
        type="text"
      />
    </div>
    <input
      className="input-line"
      id="submit_button"
      type="submit"
      value="Submit"
    />
  </form>
</div>
`;
