// Jest Snapshot v1, https://goo.gl/fbAQLP

exports[` 1`] = `
<div>
  <div
    className="pop-ups load-results"
    id="submit_success"
  >
    Success, username accepted
  </div>
  <div
    id="submit_error"
  >
    Error: Username too short
  </div>
  <div
    className="pop-ups info-loader"
    id="loading-data"
  >
    Loading please wait...
  </div>
</div>
`;

exports[`Form.tsx Form renders without crashing 1`] = `
<div
  className="form-container"
  data-testid="form-id"
>
  <form
    className="input-form"
  >
    <div>
      <label
        className="input-line"
        htmlFor="username_field"
      >
        Username
      </label>
      <input
        className="input-line"
        id="username_field"
        name="username_field"
        onChange={[Function]}
        type="text"
      />
    </div>
    <input
      className="input-line"
      disabled={false}
      id="submit_button"
      onClick={[Function]}
      readOnly={true}
      value="Submit"
    />
  </form>
</div>
`;

exports[`Pop ups match snapshots and render with success Check snapshots for pop ups 1`] = `
<div>
  <div
    className="pop-ups load-results"
    id="submit_success"
  >
    Success, username accepted
  </div>
  <div
    id="submit_error"
  >
    Error: Username too short
  </div>
  <div
    className="pop-ups info-loader"
    id="loading-data"
  >
    Loading please wait...
  </div>
</div>
`;
